Archive member included to satisfy reference by file (symbol)

d:/zhangqiang/software/graduationproject/easily-tools/gcc/bin/../lib/gcc/arm-none-eabi/7.2.1/../../../../arm-none-eabi/lib/thumb/v6-m\libm.a(lib_a-w_log.o)
                              ./obj/main.o (log)
d:/zhangqiang/software/graduationproject/easily-tools/gcc/bin/../lib/gcc/arm-none-eabi/7.2.1/../../../../arm-none-eabi/lib/thumb/v6-m\libm.a(lib_a-e_log.o)
                              d:/zhangqiang/software/graduationproject/easily-tools/gcc/bin/../lib/gcc/arm-none-eabi/7.2.1/../../../../arm-none-eabi/lib/thumb/v6-m\libm.a(lib_a-w_log.o) (__ieee754_log)
d:/zhangqiang/software/graduationproject/easily-tools/gcc/bin/../lib/gcc/arm-none-eabi/7.2.1/../../../../arm-none-eabi/lib/thumb/v6-m\libm.a(lib_a-s_lib_ver.o)
                              d:/zhangqiang/software/graduationproject/easily-tools/gcc/bin/../lib/gcc/arm-none-eabi/7.2.1/../../../../arm-none-eabi/lib/thumb/v6-m\libm.a(lib_a-w_log.o) (__fdlib_version)
d:/zhangqiang/software/graduationproject/easily-tools/gcc/bin/../lib/gcc/arm-none-eabi/7.2.1/../../../../arm-none-eabi/lib/thumb/v6-m\libm.a(lib_a-s_matherr.o)
                              d:/zhangqiang/software/graduationproject/easily-tools/gcc/bin/../lib/gcc/arm-none-eabi/7.2.1/../../../../arm-none-eabi/lib/thumb/v6-m\libm.a(lib_a-w_log.o) (matherr)
d:/zhangqiang/software/graduationproject/easily-tools/gcc/bin/../lib/gcc/arm-none-eabi/7.2.1/../../../../arm-none-eabi/lib/thumb/v6-m\libm.a(lib_a-s_nan.o)
                              d:/zhangqiang/software/graduationproject/easily-tools/gcc/bin/../lib/gcc/arm-none-eabi/7.2.1/../../../../arm-none-eabi/lib/thumb/v6-m\libm.a(lib_a-w_log.o) (nan)
d:/zhangqiang/software/graduationproject/easily-tools/gcc/bin/../lib/gcc/arm-none-eabi/7.2.1/thumb/v6-m\libgcc.a(_udivsi3.o)
                              ./obj/timer.o (__aeabi_uidiv)
d:/zhangqiang/software/graduationproject/easily-tools/gcc/bin/../lib/gcc/arm-none-eabi/7.2.1/thumb/v6-m\libgcc.a(_divsi3.o)
                              ./obj/valueType.o (__aeabi_idiv)
d:/zhangqiang/software/graduationproject/easily-tools/gcc/bin/../lib/gcc/arm-none-eabi/7.2.1/thumb/v6-m\libgcc.a(_dvmd_tls.o)
                              d:/zhangqiang/software/graduationproject/easily-tools/gcc/bin/../lib/gcc/arm-none-eabi/7.2.1/thumb/v6-m\libgcc.a(_udivsi3.o) (__aeabi_idiv0)
d:/zhangqiang/software/graduationproject/easily-tools/gcc/bin/../lib/gcc/arm-none-eabi/7.2.1/thumb/v6-m\libgcc.a(_arm_cmpdf2.o)
                              d:/zhangqiang/software/graduationproject/easily-tools/gcc/bin/../lib/gcc/arm-none-eabi/7.2.1/../../../../arm-none-eabi/lib/thumb/v6-m\libm.a(lib_a-w_log.o) (__aeabi_dcmpeq)
d:/zhangqiang/software/graduationproject/easily-tools/gcc/bin/../lib/gcc/arm-none-eabi/7.2.1/thumb/v6-m\libgcc.a(_arm_cmpsf2.o)
                              ./obj/timer.o (__aeabi_fcmple)
d:/zhangqiang/software/graduationproject/easily-tools/gcc/bin/../lib/gcc/arm-none-eabi/7.2.1/thumb/v6-m\libgcc.a(_aeabi_uldivmod.o)
                              ./obj/timeStamp.o (__aeabi_uldivmod)
d:/zhangqiang/software/graduationproject/easily-tools/gcc/bin/../lib/gcc/arm-none-eabi/7.2.1/thumb/v6-m\libgcc.a(_muldi3.o)
                              ./obj/timeStamp.o (__aeabi_lmul)
d:/zhangqiang/software/graduationproject/easily-tools/gcc/bin/../lib/gcc/arm-none-eabi/7.2.1/thumb/v6-m\libgcc.a(_fixunssfsi.o)
                              ./obj/timer.o (__aeabi_f2uiz)
d:/zhangqiang/software/graduationproject/easily-tools/gcc/bin/../lib/gcc/arm-none-eabi/7.2.1/thumb/v6-m\libgcc.a(_fixunsdfsi.o)
                              ./obj/printf.o (__aeabi_d2uiz)
d:/zhangqiang/software/graduationproject/easily-tools/gcc/bin/../lib/gcc/arm-none-eabi/7.2.1/thumb/v6-m\libgcc.a(_fixunsdfdi.o)
                              ./obj/printf.o (__aeabi_d2ulz)
d:/zhangqiang/software/graduationproject/easily-tools/gcc/bin/../lib/gcc/arm-none-eabi/7.2.1/thumb/v6-m\libgcc.a(_udivmoddi4.o)
                              d:/zhangqiang/software/graduationproject/easily-tools/gcc/bin/../lib/gcc/arm-none-eabi/7.2.1/thumb/v6-m\libgcc.a(_aeabi_uldivmod.o) (__udivmoddi4)
d:/zhangqiang/software/graduationproject/easily-tools/gcc/bin/../lib/gcc/arm-none-eabi/7.2.1/thumb/v6-m\libgcc.a(divsf3.o)
                              ./obj/main.o (__aeabi_fdiv)
d:/zhangqiang/software/graduationproject/easily-tools/gcc/bin/../lib/gcc/arm-none-eabi/7.2.1/thumb/v6-m\libgcc.a(eqsf2.o)
                              d:/zhangqiang/software/graduationproject/easily-tools/gcc/bin/../lib/gcc/arm-none-eabi/7.2.1/thumb/v6-m\libgcc.a(_arm_cmpsf2.o) (__eqsf2)
d:/zhangqiang/software/graduationproject/easily-tools/gcc/bin/../lib/gcc/arm-none-eabi/7.2.1/thumb/v6-m\libgcc.a(gesf2.o)
                              d:/zhangqiang/software/graduationproject/easily-tools/gcc/bin/../lib/gcc/arm-none-eabi/7.2.1/thumb/v6-m\libgcc.a(_arm_cmpsf2.o) (__gesf2)
[...]
Memory Configuration

Name             Origin             Length             Attributes
m_interrupts     0x00006800         0x00000100         xr
m_flash_config   0x00006c00         0x00000010         xr
m_text           0x00006c10         0x000093f0         xr
m_mac_config     0x0000fc00         0x00000400         xr
m_data           0x20000000         0x00001800         rw
*default*        0x00000000         0xffffffff

Linker script and memory map

LOAD d:/zhangqiang/software/graduationproject/easily-tools/gcc/bin/../lib/gcc/arm-none-eabi/7.2.1/thumb/v6-m/crti.o
LOAD d:/zhangqiang/software/graduationproject/easily-tools/gcc/bin/../lib/gcc/arm-none-eabi/7.2.1/thumb/v6-m/crtbegin.o
LOAD d:/zhangqiang/software/graduationproject/easily-tools/gcc/bin/../lib/gcc/arm-none-eabi/7.2.1/../../../../arm-none-eabi/lib/thumb/v6-m/crt0.o
LOAD ./obj/adc.o
LOAD ./obj/timer.o
LOAD ./obj/system_MKL36Z4.o
LOAD ./obj/tsi.o
LOAD ./obj/timeStamp.o
LOAD ./obj/valueType.o
LOAD ./obj/main.o
LOAD ./obj/spi.o
LOAD ./obj/Int_Handler_init.o
LOAD ./obj/common.o
LOAD ./obj/lcd.o
LOAD ./obj/isr.o
LOAD ./obj/printf.o
LOAD ./obj/startup_MKL36Z4.o
LOAD d:/zhangqiang/software/graduationproject/easily-tools/gcc/bin/../lib/gcc/arm-none-eabi/7.2.1/../../../../arm-none-eabi/lib/thumb/v6-m\libstdc++_nano.a
LOAD d:/zhangqiang/software/graduationproject/easily-tools/gcc/bin/../lib/gcc/arm-none-eabi/7.2.1/../../../../arm-none-eabi/lib/thumb/v6-m\libm.a
START GROUP
LOAD d:/zhangqiang/software/graduationproject/easily-tools/gcc/bin/../lib/gcc/arm-none-eabi/7.2.1/thumb/v6-m\libgcc.a
LOAD d:/zhangqiang/software/graduationproject/easily-tools/gcc/bin/../lib/gcc/arm-none-eabi/7.2.1/../../../../arm-none-eabi/lib/thumb/v6-m\libg_nano.a
LOAD d:/zhangqiang/software/graduationproject/easily-tools/gcc/bin/../lib/gcc/arm-none-eabi/7.2.1/../../../../arm-none-eabi/lib/thumb/v6-m\libc_nano.a
END GROUP
START GROUP
LOAD d:/zhangqiang/software/graduationproject/easily-tools/gcc/bin/../lib/gcc/arm-none-eabi/7.2.1/thumb/v6-m\libgcc.a
LOAD d:/zhangqiang/software/graduationproject/easily-tools/gcc/bin/../lib/gcc/arm-none-eabi/7.2.1/../../../../arm-none-eabi/lib/thumb/v6-m\libc_nano.a
LOAD d:/zhangqiang/software/graduationproject/easily-tools/gcc/bin/../lib/gcc/arm-none-eabi/7.2.1/../../../../arm-none-eabi/lib/thumb/v6-m\libnosys.a
END GROUP
START GROUP
LOAD d:/zhangqiang/software/graduationproject/easily-tools/gcc/bin/../lib/gcc/arm-none-eabi/7.2.1/thumb/v6-m\libgcc.a
LOAD d:/zhangqiang/software/graduationproject/easily-tools/gcc/bin/../lib/gcc/arm-none-eabi/7.2.1/../../../../arm-none-eabi/lib/thumb/v6-m\libc_nano.a
LOAD d:/zhangqiang/software/graduationproject/easily-tools/gcc/bin/../lib/gcc/arm-none-eabi/7.2.1/../../../../arm-none-eabi/lib/thumb/v6-m\libnosys.a
END GROUP
LOAD d:/zhangqiang/software/graduationproject/easily-tools/gcc/bin/../lib/gcc/arm-none-eabi/7.2.1/thumb/v6-m/crtend.o
LOAD d:/zhangqiang/software/graduationproject/easily-tools/gcc/bin/../lib/gcc/arm-none-eabi/7.2.1/thumb/v6-m/crtn.o
                0x00000200                HEAP_SIZE = DEFINED (__heap_size__)?__heap_size__:0x200
                0x00000100                STACK_SIZE = DEFINED (__stack_size__)?__stack_size__:0x100
                0x00000400                SECTOR_SIZE = 0x400
                0x0000001a                SECTOR_START = 0x1a
                0x0000003f                SECTOR_END = 0x3f
                0x20000000                RAM_START = 0x20000000
                0x20001800                RAM_END = 0x20001800

.interrupts     0x00006800       0xc0
                0x00006800                __VECTOR_TABLE = .
                0x00006800                . = ALIGN (0x4)
 *(.isr_vector)
 .isr_vector    0x00006800       0xc0 ./obj/startup_MKL36Z4.o
                0x00006800                __isr_vector
                0x000068c0                . = ALIGN (0x4)

.flash_config   0x00006c00       0x10
                0x00006c00                . = ALIGN (0x4)
 *(.FlashConfig)
 .FlashConfig   0x00006c00       0x10 ./obj/startup_MKL36Z4.o
                0x00006c10                . = ALIGN (0x4)

.text           0x00006c10     0x7850
                0x00006c10                . = ALIGN (0x4)
 *(.text)
 .text          0x00006c10       0x48 d:/zhangqiang/software/graduationproject/easily-tools/gcc/bin/../lib/gcc/arm-none-eabi/7.2.1/thumb/v6-m/crtbegin.o
 .text          0x00006c58       0x78 d:/zhangqiang/software/graduationproject/easily-tools/gcc/bin/../lib/gcc/arm-none-eabi/7.2.1/../../../../arm-none-eabi/lib/thumb/v6-m/crt0.o
                0x00006c58                _start
                0x00006c58                _mainCRTStartup
 .text          0x00006cd0       0x4c ./obj/startup_MKL36Z4.o
                0x00006cd0                Reset_Handler
                0x00006d14                HardFault_Handler
                0x00006d14                SysTick_Handler
                0x00006d14                PendSV_Handler
                0x00006d14                NMI_Handler
                0x00006d14                PORTC_PORTD_IRQHandler
                0x00006d14                I2C1_IRQHandler
                0x00006d14                UART1_IRQHandler
                0x00006d14                DMA2_IRQHandler
                0x00006d14                TPM0_IRQHandler
                0x00006d14                I2S0_IRQHandler
                0x00006d14                LLWU_IRQHandler
                0x00006d14                TSI0_IRQHandler
                0x00006d14                UART0_IRQHandler
                0x00006d14                ADC0_IRQHandler
                0x00006d14                SPI1_IRQHandler
                0x00006d14                DefaultISR
                0x00006d14                TPM2_IRQHandler
                0x00006d14                RTC_IRQHandler
                0x00006d14                I2C0_IRQHandler
                0x00006d14                LCD_IRQHandler
                0x00006d14                RTC_Seconds_IRQHandler
                0x00006d14                MCG_IRQHandler
                0x00006d14                UART2_IRQHandler
                0x00006d14                Reserved20_IRQHandler
                0x00006d14                PIT_IRQHandler
                0x00006d14                SVC_Handler
                0x00006d14                DMA3_IRQHandler
                0x00006d14                DMA0_IRQHandler
                0x00006d14                DAC0_IRQHandler
                0x00006d14                TPM1_IRQHandler
                0x00006d14                LVD_LVW_IRQHandler
                0x00006d14                SPI0_IRQHandler
                0x00006d14                PORTA_IRQHandler
                0x00006d14                FTFA_IRQHandler
                0x00006d14                Reserved40_IRQHandler
                0x00006d14                LPTMR0_IRQHandler
                0x00006d14                CMP0_IRQHandler
                0x00006d14                DMA1_IRQHandler
 .text          0x00006d1c      0x114 d:/zhangqiang/software/graduationproject/easily-tools/gcc/bin/../lib/gcc/arm-none-eabi/7.2.1/thumb/v6-m\libgcc.a(_udivsi3.o)
                0x00006d1c                __aeabi_uidiv
                0x00006d1c                __udivsi3
                0x00006e28                __aeabi_uidivmod
 .text          0x00006e30      0x1d4 d:/zhangqiang/software/graduationproject/easily-tools/gcc/bin/../lib/gcc/arm-none-eabi/7.2.1/thumb/v6-m\libgcc.a(_divsi3.o)
                0x00006e30                __divsi3
                0x00006e30                __aeabi_idiv
                0x00006ffc                __aeabi_idivmod
 .text          0x00007004        0x4 d:/zhangqiang/software/graduationproject/easily-tools/gcc/bin/../lib/gcc/arm-none-eabi/7.2.1/thumb/v6-m\libgcc.a(_dvmd_tls.o)
                0x00007004                __aeabi_idiv0
                0x00007004                __aeabi_ldiv0
 .text          0x00007008       0x7c d:/zhangqiang/software/graduationproject/easily-tools/gcc/bin/../lib/gcc/arm-none-eabi/7.2.1/thumb/v6-m\libgcc.a(_arm_cmpdf2.o)
                0x00007008                __aeabi_cdrcmple
                0x00007018                __aeabi_cdcmple
                0x00007018                __aeabi_cdcmpeq
                0x00007028                __aeabi_dcmpeq
                0x00007034                __aeabi_dcmplt
                0x00007048                __aeabi_dcmple
                0x0000705c                __aeabi_dcmpgt
                0x00007070                __aeabi_dcmpge
 .text          0x00007084       0x74 d:/zhangqiang/software/graduationproject/easily-tools/gcc/bin/../lib/gcc/arm-none-eabi/7.2.1/thumb/v6-m\libgcc.a(_arm_cmpsf2.o)
                0x00007084                __aeabi_cfrcmple
                0x0000708c                __aeabi_cfcmpeq
                0x0000708c                __aeabi_cfcmple
                0x0000709c                __aeabi_fcmpeq
                0x000070a8                __aeabi_fcmplt
                0x000070bc                __aeabi_fcmple
                0x000070d0                __aeabi_fcmpgt
                0x000070e4                __aeabi_fcmpge
 .text          0x000070f8       0x40 d:/zhangqiang/software/graduationproject/easily-tools/gcc/bin/../lib/gcc/arm-none-eabi/7.2.1/thumb/v6-m\libgcc.a(_aeabi_uldivmod.o)
                0x000070f8                __aeabi_uldivmod
 .text          0x00007138       0x54 d:/zhangqiang/software/graduationproject/easily-tools/gcc/bin/../lib/gcc/arm-none-eabi/7.2.1/thumb/v6-m\libgcc.a(_muldi3.o)
                0x00007138                __muldi3
                0x00007138                __aeabi_lmul
 .text          0x0000718c       0x30 d:/zhangqiang/software/graduationproject/easily-tools/gcc/bin/../lib/gcc/arm-none-eabi/7.2.1/thumb/v6-m\libgcc.a(_fixunssfsi.o)
                0x0000718c                __fixunssfsi
                0x0000718c                __aeabi_f2uiz
 .text          0x000071bc       0x3c d:/zhangqiang/software/graduationproject/easily-tools/gcc/bin/../lib/gcc/arm-none-eabi/7.2.1/thumb/v6-m\libgcc.a(_fixunsdfsi.o)
                0x000071bc                __aeabi_d2uiz
                0x000071bc                __fixunsdfsi
 .text          0x000071f8       0x3c d:/zhangqiang/software/graduationproject/easily-tools/gcc/bin/../lib/gcc/arm-none-eabi/7.2.1/thumb/v6-m\libgcc.a(_fixunsdfdi.o)
                0x000071f8                __fixunsdfdi
                0x000071f8                __aeabi_d2ulz
 .text          0x00007234      0x184 d:/zhangqiang/software/graduationproject/easily-tools/gcc/bin/../lib/gcc/arm-none-eabi/7.2.1/thumb/v6-m\libgcc.a(_udivmoddi4.o)
                0x00007234                __udivmoddi4
 .text          0x000073b8      0x224 d:/zhangqiang/software/graduationproject/easily-tools/gcc/bin/../lib/gcc/arm-none-eabi/7.2.1/thumb/v6-m\libgcc.a(divsf3.o)
                0x000073b8                __aeabi_fdiv
 .text          0x000075dc       0x50 d:/zhangqiang/software/graduationproject/easily-tools/gcc/bin/../lib/gcc/arm-none-eabi/7.2.1/thumb/v6-m\libgcc.a(eqsf2.o)
                0x000075dc                __eqsf2
                0x000075dc                __nesf2
 .text          0x0000762c       0x9c d:/zhangqiang/software/graduationproject/easily-tools/gcc/bin/../lib/gcc/arm-none-eabi/7.2.1/thumb/v6-m\libgcc.a(gesf2.o)
                0x0000762c                __gesf2
                0x0000762c                __gtsf2
 .text          0x000076c8       0xa0 d:/zhangqiang/software/graduationproject/easily-tools/gcc/bin/../lib/gcc/arm-none-eabi/7.2.1/thumb/v6-m\libgcc.a(lesf2.o)
                0x000076c8                __ltsf2
                0x000076c8                __lesf2
 .text          0x00007768      0x264 d:/zhangqiang/software/graduationproject/easily-tools/gcc/bin/../lib/gcc/arm-none-eabi/7.2.1/thumb/v6-m\libgcc.a(mulsf3.o)
                0x00007768                __aeabi_fmul
 .text          0x000079cc      0x388 d:/zhangqiang/software/graduationproject/easily-tools/gcc/bin/../lib/gcc/arm-none-eabi/7.2.1/thumb/v6-m\libgcc.a(subsf3.o)
                0x000079cc                __aeabi_fsub
 .text          0x00007d54       0x40 d:/zhangqiang/software/graduationproject/easily-tools/gcc/bin/../lib/gcc/arm-none-eabi/7.2.1/thumb/v6-m\libgcc.a(fixsfsi.o)
                0x00007d54                __aeabi_f2iz
 .text          0x00007d94       0x94 d:/zhangqiang/software/graduationproject/easily-tools/gcc/bin/../lib/gcc/arm-none-eabi/7.2.1/thumb/v6-m\libgcc.a(floatsisf.o)
                0x00007d94                __aeabi_i2f
 .text          0x00007e28       0x80 d:/zhangqiang/software/graduationproject/easily-tools/gcc/bin/../lib/gcc/arm-none-eabi/7.2.1/thumb/v6-m\libgcc.a(floatunsisf.o)
                0x00007e28                __aeabi_ui2f
 .text          0x00007ea8      0x638 d:/zhangqiang/software/graduationproject/easily-tools/gcc/bin/../lib/gcc/arm-none-eabi/7.2.1/thumb/v6-m\libgcc.a(adddf3.o)
                0x00007ea8                __aeabi_dadd
 .text          0x000084e0      0x604 d:/zhangqiang/software/graduationproject/easily-tools/gcc/bin/../lib/gcc/arm-none-eabi/7.2.1/thumb/v6-m\libgcc.a(divdf3.o)
                0x000084e0                __aeabi_ddiv
 .text          0x00008ae4       0x78 d:/zhangqiang/software/graduationproject/easily-tools/gcc/bin/../lib/gcc/arm-none-eabi/7.2.1/thumb/v6-m\libgcc.a(eqdf2.o)
                0x00008ae4                __nedf2
                0x00008ae4                __eqdf2
 .text          0x00008b5c       0xc8 d:/zhangqiang/software/graduationproject/easily-tools/gcc/bin/../lib/gcc/arm-none-eabi/7.2.1/thumb/v6-m\libgcc.a(gedf2.o)
                0x00008b5c                __gedf2
                0x00008b5c                __gtdf2
 .text          0x00008c24       0xd0 d:/zhangqiang/software/graduationproject/easily-tools/gcc/bin/../lib/gcc/arm-none-eabi/7.2.1/thumb/v6-m\libgcc.a(ledf2.o)
                0x00008c24                __ledf2
                0x00008c24                __ltdf2
 .text          0x00008cf4      0x4e4 d:/zhangqiang/software/graduationproject/easily-tools/gcc/bin/../lib/gcc/arm-none-eabi/7.2.1/thumb/v6-m\libgcc.a(muldf3.o)
                0x00008cf4                __aeabi_dmul
 .text          0x000091d8      0x690 d:/zhangqiang/software/graduationproject/easily-tools/gcc/bin/../lib/gcc/arm-none-eabi/7.2.1/thumb/v6-m\libgcc.a(subdf3.o)
                0x000091d8                __aeabi_dsub
 .text          0x00009868       0x38 d:/zhangqiang/software/graduationproject/easily-tools/gcc/bin/../lib/gcc/arm-none-eabi/7.2.1/thumb/v6-m\libgcc.a(unorddf2.o)
                0x00009868                __aeabi_dcmpun
 .text          0x000098a0       0x6c d:/zhangqiang/software/graduationproject/easily-tools/gcc/bin/../lib/gcc/arm-none-eabi/7.2.1/thumb/v6-m\libgcc.a(fixdfsi.o)
                0x000098a0                __aeabi_d2iz
 .text          0x0000990c       0x74 d:/zhangqiang/software/graduationproject/easily-tools/gcc/bin/../lib/gcc/arm-none-eabi/7.2.1/thumb/v6-m\libgcc.a(floatsidf.o)
                0x0000990c                __aeabi_i2d
 .text          0x00009980       0x64 d:/zhangqiang/software/graduationproject/easily-tools/gcc/bin/../lib/gcc/arm-none-eabi/7.2.1/thumb/v6-m\libgcc.a(floatunsidf.o)
                0x00009980                __aeabi_ui2d
 .text          0x000099e4       0xa4 d:/zhangqiang/software/graduationproject/easily-tools/gcc/bin/../lib/gcc/arm-none-eabi/7.2.1/thumb/v6-m\libgcc.a(extendsfdf2.o)
                0x000099e4                __aeabi_f2d
 .text          0x00009a88      0x108 d:/zhangqiang/software/graduationproject/easily-tools/gcc/bin/../lib/gcc/arm-none-eabi/7.2.1/thumb/v6-m\libgcc.a(truncdfsf2.o)
                0x00009a88                __aeabi_d2f
 .text          0x00009b90       0x3c d:/zhangqiang/software/graduationproject/easily-tools/gcc/bin/../lib/gcc/arm-none-eabi/7.2.1/thumb/v6-m\libgcc.a(_clzsi2.o)
                0x00009b90                __clzsi2
 .text          0x00009bcc       0x18 d:/zhangqiang/software/graduationproject/easily-tools/gcc/bin/../lib/gcc/arm-none-eabi/7.2.1/thumb/v6-m\libgcc.a(_clzdi2.o)
                0x00009bcc                __clzdi2
 .text          0x00009be4        0xe d:/zhangqiang/software/graduationproject/easily-tools/gcc/bin/../lib/gcc/arm-none-eabi/7.2.1/../../../../arm-none-eabi/lib/thumb/v6-m\libg_nano.a(lib_a-strlen.o)
                0x00009be4                strlen
 *(.text*)
 *fill*         0x00009bf2        0x2 
 .text.adc_read_inner
                0x00009bf4       0x28 ./obj/adc.o
                0x00009bf4                adc_read_inner
 .text.adc_read
                0x00009c1c        0xa ./obj/adc.o
                0x00009c1c                adc_read
 *fill*         0x00009c26        0x2 
 .text.adc_cal  0x00009c28       0x80 ./obj/adc.o
                0x00009c28                adc_cal
 .text.adc_init_inner
                0x00009ca8       0xa4 ./obj/adc.o
                0x00009ca8                adc_init_inner
 .text.adc_init
                0x00009d4c       0x20 ./obj/adc.o
                0x00009d4c                adc_init
 .text.lptmr_init
                0x00009d6c       0x3c ./obj/timer.o
                0x00009d6c                lptmr_init
 .text.lptmr_enable_int
                0x00009da8       0x1c ./obj/timer.o
                0x00009da8                lptmr_enable_int
 .text.tpm_timer_init
                0x00009dc4       0xd4 ./obj/timer.o
                0x00009dc4                tpm_timer_init
 .text.timer_init
                0x00009e98       0x2c ./obj/timer.o
                0x00009e98                timer_init
 .text.tpm_enable_int
                0x00009ec4       0x24 ./obj/timer.o
                0x00009ec4                tpm_enable_int
 .text.timer_enable_int
                0x00009ee8       0x1a ./obj/timer.o
                0x00009ee8                timer_enable_int
 *fill*         0x00009f02        0x2 
 .text.tpm_clear_int
                0x00009f04       0x14 ./obj/timer.o
                0x00009f04                tpm_clear_int
 .text.timer_clear_int
                0x00009f18       0x24 ./obj/timer.o
                0x00009f18                timer_clear_int
 .text.SystemInit
                0x00009f3c       0xc4 ./obj/system_MKL36Z4.o
                0x00009f3c                SystemInit
 .text.tsi_init
                0x0000a000       0xb4 ./obj/tsi.o
                0x0000a000                tsi_init
 .text.tsi_get_value
                0x0000a0b4       0x4c ./obj/tsi.o
                0x0000a0b4                tsi_get_value
 .text.tsi_enable_re_int
                0x0000a100       0x20 ./obj/tsi.o
                0x0000a100                tsi_enable_re_int
 .text.tsi_search
                0x0000a120       0x10 ./obj/tsi.o
                0x0000a120                tsi_search
 .text.tsi_get_int
                0x0000a130        0xc ./obj/tsi.o
                0x0000a130                tsi_get_int
 .text.tsi_clear_int
                0x0000a13c       0x1c ./obj/tsi.o
                0x0000a13c                tsi_clear_int
 .text.transformToDate
                0x0000a158      0x4c8 ./obj/timeStamp.o
                0x0000a158                transformToDate
 .text.intToString
                0x0000a620       0x44 ./obj/timeStamp.o
                0x0000a620                intToString
 .text.transformToDateString
                0x0000a664       0x98 ./obj/timeStamp.o
                0x0000a664                transformToDateString
 .text.timeChange
                0x0000a6fc       0x28 ./obj/timeStamp.o
                0x0000a6fc                timeChange
 .text.IntConvertToStr
                0x0000a724       0x7c ./obj/valueType.o
                0x0000a724                IntConvertToStr
 .text.DoubleConvertToStr
                0x0000a7a0      0x12c ./obj/valueType.o
                0x0000a7a0                DoubleConvertToStr
 .text.ArrayCopy
                0x0000a8cc       0x16 ./obj/valueType.o
                0x0000a8cc                ArrayCopy
 *fill*         0x0000a8e2        0x2 
 .text.userData_init
                0x0000a8e4      0x184 ./obj/main.o
                0x0000a8e4                userData_init
 .text.userData_get
                0x0000aa68      0x328 ./obj/main.o
                0x0000aa68                userData_get
 .text.LCD_Showfirst
                0x0000ad90      0x340 ./obj/main.o
                0x0000ad90                LCD_Showfirst
 .text.main     0x0000b0d0      0xdec ./obj/main.o
                0x0000b0d0                main
 .text.spi_init
                0x0000bebc      0x1d8 ./obj/spi.o
                0x0000bebc                spi_init
 .text.spi_send1
                0x0000c094       0x3c ./obj/spi.o
                0x0000c094                spi_send1
 .text.Int_Handler_init
                0x0000c0d0       0xa4 ./obj/Int_Handler_init.o
                0x0000c0d0                Int_Handler_init
 .text.BIOS_API_Init
                0x0000c174       0x28 ./obj/Int_Handler_init.o
                0x0000c174                BIOS_API_Init
 .text.enable_irq
                0x0000c19c       0x18 ./obj/common.o
                0x0000c19c                enable_irq
 .text.Delay_ms
                0x0000c1b4       0x1a ./obj/common.o
                0x0000c1b4                Delay_ms
 *fill*         0x0000c1ce        0x2 
 .text.LCD_WR_DATA8
                0x0000c1d0       0x40 ./obj/lcd.o
                0x0000c1d0                LCD_WR_DATA8
 .text.LCD_WR_DATA
                0x0000c210       0x48 ./obj/lcd.o
                0x0000c210                LCD_WR_DATA
 .text.LCD_WR_REG
                0x0000c258       0x40 ./obj/lcd.o
                0x0000c258                LCD_WR_REG
 .text.LCD_WR_REG_DATA
                0x0000c298       0x10 ./obj/lcd.o
                0x0000c298                LCD_WR_REG_DATA
 .text.Address_set
                0x0000c2a8       0x4e ./obj/lcd.o
                0x0000c2a8                Address_set
 .text.LCD_Clear
                0x0000c2f6       0x32 ./obj/lcd.o
                0x0000c2f6                LCD_Clear
 .text.LCD_Init
                0x0000c328       0xc0 ./obj/lcd.o
                0x0000c328                LCD_Init
 .text.LCD_DrawPoint
                0x0000c3e8       0x14 ./obj/lcd.o
                0x0000c3e8                LCD_DrawPoint
 .text.LCD_DrawLine
                0x0000c3fc       0xb2 ./obj/lcd.o
                0x0000c3fc                LCD_DrawLine
 .text.LCD_ShowCharactor
                0x0000c4ae       0x4c ./obj/lcd.o
                0x0000c4ae                LCD_ShowCharactor
 *fill*         0x0000c4fa        0x2 
 .text.LCD_ShowString
                0x0000c4fc      0x104 ./obj/lcd.o
                0x0000c4fc                LCD_ShowString
 .text.LCD_DrawSurface
                0x0000c600       0x4a ./obj/lcd.o
                0x0000c600                LCD_DrawSurface
 *fill*         0x0000c64a        0x2 
 .text.LCD_aotu
                0x0000c64c       0xd0 ./obj/lcd.o
                0x0000c64c                LCD_aotu
 .text.GPIOA_Handler
                0x0000c71c        0x6 ./obj/isr.o
                0x0000c71c                GPIOA_Handler
 .text.GPIOB_Handler
                0x0000c722        0x6 ./obj/isr.o
                0x0000c722                GPIOB_Handler
 .text.UARTA_Handler
                0x0000c728       0x3c ./obj/isr.o
                0x0000c728                UARTA_Handler
 .text.SPIA_Handler
                0x0000c764        0x6 ./obj/isr.o
                0x0000c764                SPIA_Handler
 .text.SPIB_Handler
                0x0000c76a        0x6 ./obj/isr.o
                0x0000c76a                SPIB_Handler
 .text.I2CA_Handler
                0x0000c770        0x6 ./obj/isr.o
                0x0000c770                I2CA_Handler
 .text.I2CB_Handler
                0x0000c776        0x6 ./obj/isr.o
                0x0000c776                I2CB_Handler
 .text.TSI_Handler
                0x0000c77c       0x64 ./obj/isr.o
                0x0000c77c                TSI_Handler
 .text.INCAP_Handler
                0x0000c7e0        0x6 ./obj/isr.o
                0x0000c7e0                INCAP_Handler
 .text.TIMERA_Handler
                0x0000c7e6       0x14 ./obj/isr.o
                0x0000c7e6                TIMERA_Handler
 .text.TIMERB_Handler
                0x0000c7fa        0x6 ./obj/isr.o
                0x0000c7fa                TIMERB_Handler
 .text.out_char
                0x0000c800       0x18 ./obj/printf.o
                0x0000c800                out_char
 .text.printk_putc
                0x0000c818       0x2a ./obj/printf.o
 .text.printk_mknumstr
                0x0000c842       0x92 ./obj/printf.o
 .text.printk_pad_space
                0x0000c8d4       0x20 ./obj/printf.o
 .text.printk_mkfloatstr
                0x0000c8f4      0x1c4 ./obj/printf.o
                0x0000c8f4                printk_mkfloatstr
 .text.printk   0x0000cab8      0x648 ./obj/printf.o
                0x0000cab8                printk
 .text.myprintf
                0x0000d100       0x24 ./obj/printf.o
                0x0000d100                myprintf
 .text.log      0x0000d124      0x110 d:/zhangqiang/software/graduationproject/easily-tools/gcc/bin/../lib/gcc/arm-none-eabi/7.2.1/../../../../arm-none-eabi/lib/thumb/v6-m\libm.a(lib_a-w_log.o)
                0x0000d124                log
 .text.__ieee754_log
                0x0000d234      0x3ac d:/zhangqiang/software/graduationproject/easily-tools/gcc/bin/../lib/gcc/arm-none-eabi/7.2.1/../../../../arm-none-eabi/lib/thumb/v6-m\libm.a(lib_a-e_log.o)
                0x0000d234                __ieee754_log
 .text.matherr  0x0000d5e0        0x4 d:/zhangqiang/software/graduationproject/easily-tools/gcc/bin/../lib/gcc/arm-none-eabi/7.2.1/../../../../arm-none-eabi/lib/thumb/v6-m\libm.a(lib_a-s_matherr.o)
                0x0000d5e0                matherr
 .text.nan      0x0000d5e4        0xc d:/zhangqiang/software/graduationproject/easily-tools/gcc/bin/../lib/gcc/arm-none-eabi/7.2.1/../../../../arm-none-eabi/lib/thumb/v6-m\libm.a(lib_a-s_nan.o)
                0x0000d5e4                nan
 .text.__errno  0x0000d5f0        0xc d:/zhangqiang/software/graduationproject/easily-tools/gcc/bin/../lib/gcc/arm-none-eabi/7.2.1/../../../../arm-none-eabi/lib/thumb/v6-m\libg_nano.a(lib_a-errno.o)
                0x0000d5f0                __errno
 .text.exit     0x0000d5fc       0x2c d:/zhangqiang/software/graduationproject/easily-tools/gcc/bin/../lib/gcc/arm-none-eabi/7.2.1/../../../../arm-none-eabi/lib/thumb/v6-m\libg_nano.a(lib_a-exit.o)
                0x0000d5fc                exit
 .text.__libc_init_array
                0x0000d628       0x48 d:/zhangqiang/software/graduationproject/easily-tools/gcc/bin/../lib/gcc/arm-none-eabi/7.2.1/../../../../arm-none-eabi/lib/thumb/v6-m\libg_nano.a(lib_a-init.o)
                0x0000d628                __libc_init_array
 .text.memcpy   0x0000d670       0x12 d:/zhangqiang/software/graduationproject/easily-tools/gcc/bin/../lib/gcc/arm-none-eabi/7.2.1/../../../../arm-none-eabi/lib/thumb/v6-m\libg_nano.a(lib_a-memcpy-stub.o)
                0x0000d670                memcpy
 .text.memset   0x0000d682       0x10 d:/zhangqiang/software/graduationproject/easily-tools/gcc/bin/../lib/gcc/arm-none-eabi/7.2.1/../../../../arm-none-eabi/lib/thumb/v6-m\libg_nano.a(lib_a-memset.o)
                0x0000d682                memset
 *fill*         0x0000d692        0x2 
 .text._exit    0x0000d694        0x4 d:/zhangqiang/software/graduationproject/easily-tools/gcc/bin/../lib/gcc/arm-none-eabi/7.2.1/../../../../arm-none-eabi/lib/thumb/v6-m\libnosys.a(_exit.o)
                0x0000d694                _exit
 *(.rodata)
 .rodata        0x0000d698       0x68 ./obj/timeStamp.o
 .rodata        0x0000d700       0x80 d:/zhangqiang/software/graduationproject/easily-tools/gcc/bin/../lib/gcc/arm-none-eabi/7.2.1/thumb/v6-m\libgcc.a(divsf3.o)
 .rodata        0x0000d780       0x40 d:/zhangqiang/software/graduationproject/easily-tools/gcc/bin/../lib/gcc/arm-none-eabi/7.2.1/thumb/v6-m\libgcc.a(mulsf3.o)
 .rodata        0x0000d7c0       0x40 d:/zhangqiang/software/graduationproject/easily-tools/gcc/bin/../lib/gcc/arm-none-eabi/7.2.1/thumb/v6-m\libgcc.a(divdf3.o)
 .rodata        0x0000d800       0x40 d:/zhangqiang/software/graduationproject/easily-tools/gcc/bin/../lib/gcc/arm-none-eabi/7.2.1/thumb/v6-m\libgcc.a(muldf3.o)
 *(.rodata*)
 .rodata.adc_init_inner
                0x0000d840       0x18 ./obj/adc.o
 .rodata.tsi_init
                0x0000d858       0x18 ./obj/tsi.o
 .rodata.LCD_Showfirst.str1.4
                0x0000d870      0x1a4 ./obj/main.o
 .rodata.main.str1.4
                0x0000da14      0x2f5 ./obj/main.o
                                0x2fd (size before relaxing)
 *fill*         0x0000dd09        0x3 
 .rodata.userData_init.str1.4
                0x0000dd0c        0x3 ./obj/main.o
 *fill*         0x0000dd0f        0x1 
 .rodata.GB_16  0x0000dd10       0x66 ./obj/lcd.o
 *fill*         0x0000dd76        0x2 
 .rodata.nAsciiDot
                0x0000dd78      0x600 ./obj/lcd.o
 .rodata.printk
                0x0000e378       0xc8 ./obj/printf.o
 .rodata.log.str1.4
                0x0000e440        0x4 d:/zhangqiang/software/graduationproject/easily-tools/gcc/bin/../lib/gcc/arm-none-eabi/7.2.1/../../../../arm-none-eabi/lib/thumb/v6-m\libm.a(lib_a-w_log.o)
                                  0x5 (size before relaxing)
 .rodata._global_impure_ptr
                0x0000e444        0x4 d:/zhangqiang/software/graduationproject/easily-tools/gcc/bin/../lib/gcc/arm-none-eabi/7.2.1/../../../../arm-none-eabi/lib/thumb/v6-m\libg_nano.a(lib_a-impure.o)
                0x0000e444                _global_impure_ptr
 *(.glue_7)
 .glue_7        0x0000e448        0x0 linker stubs
 *(.glue_7t)
 .glue_7t       0x0000e448        0x0 linker stubs
 *(.eh_frame)
 .eh_frame      0x0000e448        0x0 d:/zhangqiang/software/graduationproject/easily-tools/gcc/bin/../lib/gcc/arm-none-eabi/7.2.1/thumb/v6-m/crtbegin.o
 *(.init)
 .init          0x0000e448        0x4 d:/zhangqiang/software/graduationproject/easily-tools/gcc/bin/../lib/gcc/arm-none-eabi/7.2.1/thumb/v6-m/crti.o
                0x0000e448                _init
 .init          0x0000e44c        0x8 d:/zhangqiang/software/graduationproject/easily-tools/gcc/bin/../lib/gcc/arm-none-eabi/7.2.1/thumb/v6-m/crtn.o
 *(.fini)
 .fini          0x0000e454        0x4 d:/zhangqiang/software/graduationproject/easily-tools/gcc/bin/../lib/gcc/arm-none-eabi/7.2.1/thumb/v6-m/crti.o
                0x0000e454                _fini
 .fini          0x0000e458        0x8 d:/zhangqiang/software/graduationproject/easily-tools/gcc/bin/../lib/gcc/arm-none-eabi/7.2.1/thumb/v6-m/crtn.o
                0x0000e460                . = ALIGN (0x4)

.vfp11_veneer   0x0000e460        0x0
 .vfp11_veneer  0x0000e460        0x0 linker stubs

.v4_bx          0x0000e460        0x0
 .v4_bx         0x0000e460        0x0 linker stubs

.iplt           0x0000e460        0x0
 .iplt          0x0000e460        0x0 d:/zhangqiang/software/graduationproject/easily-tools/gcc/bin/../lib/gcc/arm-none-eabi/7.2.1/thumb/v6-m/crtbegin.o

.ARM.extab
 *(.ARM.extab* .gnu.linkonce.armextab.*)

.ARM            0x0000e460        0x8
                0x0000e460                __exidx_start = .
 *(.ARM.exidx*)
 .ARM.exidx     0x0000e460        0x8 d:/zhangqiang/software/graduationproject/easily-tools/gcc/bin/../lib/gcc/arm-none-eabi/7.2.1/../../../../arm-none-eabi/lib/thumb/v6-m/crt0.o
 .ARM.exidx     0x0000e468        0x0 d:/zhangqiang/software/graduationproject/easily-tools/gcc/bin/../lib/gcc/arm-none-eabi/7.2.1/thumb/v6-m\libgcc.a(_udivmoddi4.o)
                                  0x8 (size before relaxing)
                0x0000e468                __exidx_end = .

.ctors          0x0000e468        0x0
                0x0000e468                __CTOR_LIST__ = .
 *crtbegin.o(.ctors)
 *crtbegin?.o(.ctors)
 *(EXCLUDE_FILE(*crtend.o *crtend?.o) .ctors)
 *(SORT_BY_NAME(.ctors.*))
 *(.ctors)
                0x0000e468                __CTOR_END__ = .

.dtors          0x0000e468        0x0
                0x0000e468                __DTOR_LIST__ = .
 *crtbegin.o(.dtors)
 *crtbegin?.o(.dtors)
 *(EXCLUDE_FILE(*crtend.o *crtend?.o) .dtors)
 *(SORT_BY_NAME(.dtors.*))
 *(.dtors)
                0x0000e468                __DTOR_END__ = .

.preinit_array  0x0000e468        0x0
                0x0000e468                PROVIDE (__preinit_array_start, .)
 *(.preinit_array*)
                0x0000e468                PROVIDE (__preinit_array_end, .)

.init_array     0x0000e468        0x4
                0x0000e468                PROVIDE (__init_array_start, .)
 *(SORT_BY_NAME(.init_array.*))
 *(.init_array*)
 .init_array    0x0000e468        0x4 d:/zhangqiang/software/graduationproject/easily-tools/gcc/bin/../lib/gcc/arm-none-eabi/7.2.1/thumb/v6-m/crtbegin.o
                0x0000e46c                PROVIDE (__init_array_end, .)

.fini_array     0x0000e46c        0x4
                [!provide]                PROVIDE (__fini_array_start, .)
 *(SORT_BY_NAME(.fini_array.*))
 *(.fini_array*)
 .fini_array    0x0000e46c        0x4 d:/zhangqiang/software/graduationproject/easily-tools/gcc/bin/../lib/gcc/arm-none-eabi/7.2.1/thumb/v6-m/crtbegin.o
                [!provide]                PROVIDE (__fini_array_end, .)
                0x0000e470                __etext = .
                0x0000e470                __DATA_ROM = .

.mac_config     0x0000fc00       0xb0
                0x0000fc00                . = ALIGN (0x4)
 *(.MacConfig)
 .MacConfig     0x0000fc00       0xad ./obj/main.o
                0x0000fc00                flashInit
                0x0000fcb0                . = ALIGN (0x4)
 *fill*         0x0000fcad        0x3 

.rel.dyn        0x0000fcb0        0x0
 .rel.iplt      0x0000fcb0        0x0 d:/zhangqiang/software/graduationproject/easily-tools/gcc/bin/../lib/gcc/arm-none-eabi/7.2.1/thumb/v6-m/crtbegin.o

.mtb            0x20000000        0x0
                0x20000000                . = ALIGN (0x8)
                0x20000000                _mtb_start = .
 *(.mtb_buf)
                0x20000000                . = ALIGN (0x8)
                0x20000000                _mtb_end = .

.data           0x20000000       0x74 load address 0x0000e470
                0x20000000                . = ALIGN (0x4)
                0x20000000                __DATA_RAM = .
                0x20000000                __data_start__ = .
 *(.data)
 *(.data*)
 .data.TPM_ARR  0x20000000        0xc ./obj/timer.o
                0x20000000                TPM_ARR
 .data.TPM_IRQ  0x2000000c        0x3 ./obj/timer.o
                0x2000000c                TPM_IRQ
 .data.__fdlib_version
                0x2000000f        0x1 d:/zhangqiang/software/graduationproject/easily-tools/gcc/bin/../lib/gcc/arm-none-eabi/7.2.1/../../../../arm-none-eabi/lib/thumb/v6-m\libm.a(lib_a-s_lib_ver.o)
                0x2000000f                __fdlib_version
 .data._impure_ptr
                0x20000010        0x4 d:/zhangqiang/software/graduationproject/easily-tools/gcc/bin/../lib/gcc/arm-none-eabi/7.2.1/../../../../arm-none-eabi/lib/thumb/v6-m\libg_nano.a(lib_a-impure.o)
                0x20000010                _impure_ptr
 .data.impure_data
                0x20000014       0x60 d:/zhangqiang/software/graduationproject/easily-tools/gcc/bin/../lib/gcc/arm-none-eabi/7.2.1/../../../../arm-none-eabi/lib/thumb/v6-m\libg_nano.a(lib_a-impure.o)
 *(.jcr*)
                0x20000074                . = ALIGN (0x4)
                0x20000074                __data_end__ = .
                0x0000e4e4                __DATA_END = (__DATA_ROM + (__data_end__ - __data_start__))

.igot.plt       0x20000074        0x0 load address 0x0000e4e4
 .igot.plt      0x20000074        0x0 d:/zhangqiang/software/graduationproject/easily-tools/gcc/bin/../lib/gcc/arm-none-eabi/7.2.1/thumb/v6-m/crtbegin.o

.bss            0x20000078      0x628 load address 0x0000e4e8
                0x20000078                . = ALIGN (0x4)
                0x20000078                __START_BSS = .
                0x20000078                __bss_start__ = .
 *(.bss)
 .bss           0x20000078       0x1c d:/zhangqiang/software/graduationproject/easily-tools/gcc/bin/../lib/gcc/arm-none-eabi/7.2.1/thumb/v6-m/crtbegin.o
 *(.bss*)
 .bss.sn.6701   0x20000094        0x4 ./obj/main.o
 *(COMMON)
 COMMON         0x20000098        0x4 ./obj/adc.o
                0x20000098                bios_fun_point
 *fill*         0x2000009c        0x4 
 COMMON         0x200000a0      0x5fe ./obj/main.o
                0x200000a0                gFlashData
                0x2000014d                flag
                0x20000150                gRecvBuf
                0x20000550                gTimeString
                0x20000568                gTimeSec
                0x20000570                gUserData
                0x2000069c                gRecvLength
                0x200006a0                . = ALIGN (0x4)
 *fill*         0x2000069e        0x2 
                0x200006a0                __bss_end__ = .
                0x200006a0                __END_BSS = .

.heap           0x200006a0      0x200 load address 0x0000eb10
                0x200006a0                . = ALIGN (0x8)
                0x200006a0                __end__ = .
                [!provide]                PROVIDE (end, .)
                0x200006a0                __HeapBase = .
                0x200008a0                . = (. + HEAP_SIZE)
 *fill*         0x200006a0      0x200 
                0x200008a0                __HeapLimit = .

.stack          0x200008a0      0x100 load address 0x0000ed10
                0x200008a0                . = ALIGN (0x8)
                0x200009a0                . = (. + STACK_SIZE)
 *fill*         0x200008a0      0x100 
                0x20001800                __StackTop = (ORIGIN (m_data) + LENGTH (m_data))
                0x20001700                __StackLimit = (__StackTop - STACK_SIZE)
                0x20001800                PROVIDE (__stack, __StackTop)

.ARM.attributes
                0x00000000       0x28
 *(.ARM.attributes)
 .ARM.attributes
                0x00000000       0x1e d:/zhangqiang/software/graduationproject/easily-tools/gcc/bin/../lib/gcc/arm-none-eabi/7.2.1/thumb/v6-m/crti.o
 .ARM.attributes
                0x0000001e       0x2c d:/zhangqiang/software/graduationproject/easily-tools/gcc/bin/../lib/gcc/arm-none-eabi/7.2.1/thumb/v6-m/crtbegin.o
 .ARM.attributes
                0x0000004a       0x1b d:/zhangqiang/software/graduationproject/easily-tools/gcc/bin/../lib/gcc/arm-none-eabi/7.2.1/../../../../arm-none-eabi/lib/thumb/v6-m/crt0.o
 .ARM.attributes
                0x00000065       0x32 ./obj/adc.o
 .ARM.attributes
                0x00000097       0x32 ./obj/timer.o
 .ARM.attributes
                0x000000c9       0x32 ./obj/system_MKL36Z4.o
 .ARM.attributes
                0x000000fb       0x32 ./obj/tsi.o
 .ARM.attributes
                0x0000012d       0x32 ./obj/timeStamp.o
 .ARM.attributes
                0x0000015f       0x32 ./obj/valueType.o
 .ARM.attributes
                0x00000191       0x32 ./obj/main.o
 .ARM.attributes
                0x000001c3       0x32 ./obj/spi.o
 .ARM.attributes
                0x000001f5       0x32 ./obj/Int_Handler_init.o
 .ARM.attributes
                0x00000227       0x32 ./obj/common.o
 .ARM.attributes
                0x00000259       0x32 ./obj/lcd.o
 .ARM.attributes
                0x0000028b       0x32 ./obj/isr.o
 .ARM.attributes
                0x000002bd       0x32 ./obj/printf.o
 .ARM.attributes
                0x000002ef       0x1b ./obj/startup_MKL36Z4.o
 .ARM.attributes
                0x0000030a       0x2c d:/zhangqiang/software/graduationproject/easily-tools/gcc/bin/../lib/gcc/arm-none-eabi/7.2.1/../../../../arm-none-eabi/lib/thumb/v6-m\libm.a(lib_a-w_log.o)
 .ARM.attributes
                0x00000336       0x2c d:/zhangqiang/software/graduationproject/easily-tools/gcc/bin/../lib/gcc/arm-none-eabi/7.2.1/../../../../arm-none-eabi/lib/thumb/v6-m\libm.a(lib_a-e_log.o)
 .ARM.attributes
                0x00000362       0x2c d:/zhangqiang/software/graduationproject/easily-tools/gcc/bin/../lib/gcc/arm-none-eabi/7.2.1/../../../../arm-none-eabi/lib/thumb/v6-m\libm.a(lib_a-s_lib_ver.o)
 .ARM.attributes
                0x0000038e       0x2c d:/zhangqiang/software/graduationproject/easily-tools/gcc/bin/../lib/gcc/arm-none-eabi/7.2.1/../../../../arm-none-eabi/lib/thumb/v6-m\libm.a(lib_a-s_matherr.o)
 .ARM.attributes
                0x000003ba       0x2c d:/zhangqiang/software/graduationproject/easily-tools/gcc/bin/../lib/gcc/arm-none-eabi/7.2.1/../../../../arm-none-eabi/lib/thumb/v6-m\libm.a(lib_a-s_nan.o)
 .ARM.attributes
                0x000003e6       0x1e d:/zhangqiang/software/graduationproject/easily-tools/gcc/bin/../lib/gcc/arm-none-eabi/7.2.1/thumb/v6-m\libgcc.a(_udivsi3.o)
 .ARM.attributes
                0x00000404       0x1e d:/zhangqiang/software/graduationproject/easily-tools/gcc/bin/../lib/gcc/arm-none-eabi/7.2.1/thumb/v6-m\libgcc.a(_divsi3.o)
 .ARM.attributes
                0x00000422       0x1e d:/zhangqiang/software/graduationproject/easily-tools/gcc/bin/../lib/gcc/arm-none-eabi/7.2.1/thumb/v6-m\libgcc.a(_dvmd_tls.o)
 .ARM.attributes
                0x00000440       0x1e d:/zhangqiang/software/graduationproject/easily-tools/gcc/bin/../lib/gcc/arm-none-eabi/7.2.1/thumb/v6-m\libgcc.a(_arm_cmpdf2.o)
 .ARM.attributes
                0x0000045e       0x1e d:/zhangqiang/software/graduationproject/easily-tools/gcc/bin/../lib/gcc/arm-none-eabi/7.2.1/thumb/v6-m\libgcc.a(_arm_cmpsf2.o)
 .ARM.attributes
                0x0000047c       0x1e d:/zhangqiang/software/graduationproject/easily-tools/gcc/bin/../lib/gcc/arm-none-eabi/7.2.1/thumb/v6-m\libgcc.a(_aeabi_uldivmod.o)
 .ARM.attributes
                0x0000049a       0x2c d:/zhangqiang/software/graduationproject/easily-tools/gcc/bin/../lib/gcc/arm-none-eabi/7.2.1/thumb/v6-m\libgcc.a(_muldi3.o)
 .ARM.attributes
                0x000004c6       0x2c d:/zhangqiang/software/graduationproject/easily-tools/gcc/bin/../lib/gcc/arm-none-eabi/7.2.1/thumb/v6-m\libgcc.a(_fixunssfsi.o)
 .ARM.attributes
                0x000004f2       0x2c d:/zhangqiang/software/graduationproject/easily-tools/gcc/bin/../lib/gcc/arm-none-eabi/7.2.1/thumb/v6-m\libgcc.a(_fixunsdfsi.o)
 .ARM.attributes
                0x0000051e       0x2c d:/zhangqiang/software/graduationproject/easily-tools/gcc/bin/../lib/gcc/arm-none-eabi/7.2.1/thumb/v6-m\libgcc.a(_fixunsdfdi.o)
 .ARM.attributes
                0x0000054a       0x2c d:/zhangqiang/software/graduationproject/easily-tools/gcc/bin/../lib/gcc/arm-none-eabi/7.2.1/thumb/v6-m\libgcc.a(_udivmoddi4.o)
 .ARM.attributes
                0x00000576       0x2c d:/zhangqiang/software/graduationproject/easily-tools/gcc/bin/../lib/gcc/arm-none-eabi/7.2.1/thumb/v6-m\libgcc.a(divsf3.o)
 .ARM.attributes
                0x000005a2       0x2c d:/zhangqiang/software/graduationproject/easily-tools/gcc/bin/../lib/gcc/arm-none-eabi/7.2.1/thumb/v6-m\libgcc.a(eqsf2.o)
 .ARM.attributes
                0x000005ce       0x2c d:/zhangqiang/software/graduationproject/easily-tools/gcc/bin/../lib/gcc/arm-none-eabi/7.2.1/thumb/v6-m\libgcc.a(gesf2.o)
 .ARM.attributes
                0x000005fa       0x2c d:/zhangqiang/software/graduationproject/easily-tools/gcc/bin/../lib/gcc/arm-none-eabi/7.2.1/thumb/v6-m\libgcc.a(lesf2.o)
 .ARM.attributes
                0x00000626       0x2c d:/zhangqiang/software/graduationproject/easily-tools/gcc/bin/../lib/gcc/arm-none-eabi/7.2.1/thumb/v6-m\libgcc.a(mulsf3.o)
 .ARM.attributes
                0x00000652       0x2c d:/zhangqiang/software/graduationproject/easily-tools/gcc/bin/../lib/gcc/arm-none-eabi/7.2.1/thumb/v6-m\libgcc.a(subsf3.o)
 .ARM.attributes
                0x0000067e       0x2c d:/zhangqiang/software/graduationproject/easily-tools/gcc/bin/../lib/gcc/arm-none-eabi/7.2.1/thumb/v6-m\libgcc.a(fixsfsi.o)
 .ARM.attributes
                0x000006aa       0x2c d:/zhangqiang/software/graduationproject/easily-tools/gcc/bin/../lib/gcc/arm-none-eabi/7.2.1/thumb/v6-m\libgcc.a(floatsisf.o)
 .ARM.attributes
                0x000006d6       0x2c d:/zhangqiang/software/graduationproject/easily-tools/gcc/bin/../lib/gcc/arm-none-eabi/7.2.1/thumb/v6-m\libgcc.a(floatunsisf.o)
 .ARM.attributes
                0x00000702       0x2c d:/zhangqiang/software/graduationproject/easily-tools/gcc/bin/../lib/gcc/arm-none-eabi/7.2.1/thumb/v6-m\libgcc.a(adddf3.o)
 .ARM.attributes
                0x0000072e       0x2c d:/zhangqiang/software/graduationproject/easily-tools/gcc/bin/../lib/gcc/arm-none-eabi/7.2.1/thumb/v6-m\libgcc.a(divdf3.o)
 .ARM.attributes
                0x0000075a       0x2c d:/zhangqiang/software/graduationproject/easily-tools/gcc/bin/../lib/gcc/arm-none-eabi/7.2.1/thumb/v6-m\libgcc.a(eqdf2.o)
 .ARM.attributes
                0x00000786       0x2c d:/zhangqiang/software/graduationproject/easily-tools/gcc/bin/../lib/gcc/arm-none-eabi/7.2.1/thumb/v6-m\libgcc.a(gedf2.o)
 .ARM.attributes
                0x000007b2       0x2c d:/zhangqiang/software/graduationproject/easily-tools/gcc/bin/../lib/gcc/arm-none-eabi/7.2.1/thumb/v6-m\libgcc.a(ledf2.o)
 .ARM.attributes
                0x000007de       0x2c d:/zhangqiang/software/graduationproject/easily-tools/gcc/bin/../lib/gcc/arm-none-eabi/7.2.1/thumb/v6-m\libgcc.a(muldf3.o)
 .ARM.attributes
                0x0000080a       0x2c d:/zhangqiang/software/graduationproject/easily-tools/gcc/bin/../lib/gcc/arm-none-eabi/7.2.1/thumb/v6-m\libgcc.a(subdf3.o)
 .ARM.attributes
                0x00000836       0x2c d:/zhangqiang/software/graduationproject/easily-tools/gcc/bin/../lib/gcc/arm-none-eabi/7.2.1/thumb/v6-m\libgcc.a(unorddf2.o)
 .ARM.attributes
                0x00000862       0x2c d:/zhangqiang/software/graduationproject/easily-tools/gcc/bin/../lib/gcc/arm-none-eabi/7.2.1/thumb/v6-m\libgcc.a(fixdfsi.o)
 .ARM.attributes
                0x0000088e       0x2c d:/zhangqiang/software/graduationproject/easily-tools/gcc/bin/../lib/gcc/arm-none-eabi/7.2.1/thumb/v6-m\libgcc.a(floatsidf.o)
 .ARM.attributes
                0x000008ba       0x2c d:/zhangqiang/software/graduationproject/easily-tools/gcc/bin/../lib/gcc/arm-none-eabi/7.2.1/thumb/v6-m\libgcc.a(floatunsidf.o)
 .ARM.attributes
                0x000008e6       0x2c d:/zhangqiang/software/graduationproject/easily-tools/gcc/bin/../lib/gcc/arm-none-eabi/7.2.1/thumb/v6-m\libgcc.a(extendsfdf2.o)
 .ARM.attributes
                0x00000912       0x2c d:/zhangqiang/software/graduationproject/easily-tools/gcc/bin/../lib/gcc/arm-none-eabi/7.2.1/thumb/v6-m\libgcc.a(truncdfsf2.o)
 .ARM.attributes
                0x0000093e       0x1e d:/zhangqiang/software/graduationproject/easily-tools/gcc/bin/../lib/gcc/arm-none-eabi/7.2.1/thumb/v6-m\libgcc.a(_clzsi2.o)
 .ARM.attributes
                0x0000095c       0x1e d:/zhangqiang/software/graduationproject/easily-tools/gcc/bin/../lib/gcc/arm-none-eabi/7.2.1/thumb/v6-m\libgcc.a(_clzdi2.o)
 .ARM.attributes
                0x0000097a       0x2c d:/zhangqiang/software/graduationproject/easily-tools/gcc/bin/../lib/gcc/arm-none-eabi/7.2.1/../../../../arm-none-eabi/lib/thumb/v6-m\libg_nano.a(lib_a-errno.o)
 .ARM.attributes
                0x000009a6       0x2c d:/zhangqiang/software/graduationproject/easily-tools/gcc/bin/../lib/gcc/arm-none-eabi/7.2.1/../../../../arm-none-eabi/lib/thumb/v6-m\libg_nano.a(lib_a-exit.o)
 .ARM.attributes
                0x000009d2       0x2c d:/zhangqiang/software/graduationproject/easily-tools/gcc/bin/../lib/gcc/arm-none-eabi/7.2.1/../../../../arm-none-eabi/lib/thumb/v6-m\libg_nano.a(lib_a-impure.o)
 .ARM.attributes
                0x000009fe       0x2c d:/zhangqiang/software/graduationproject/easily-tools/gcc/bin/../lib/gcc/arm-none-eabi/7.2.1/../../../../arm-none-eabi/lib/thumb/v6-m\libg_nano.a(lib_a-init.o)
 .ARM.attributes
                0x00000a2a       0x2c d:/zhangqiang/software/graduationproject/easily-tools/gcc/bin/../lib/gcc/arm-none-eabi/7.2.1/../../../../arm-none-eabi/lib/thumb/v6-m\libg_nano.a(lib_a-memcpy-stub.o)
 .ARM.attributes
                0x00000a56       0x2c d:/zhangqiang/software/graduationproject/easily-tools/gcc/bin/../lib/gcc/arm-none-eabi/7.2.1/../../../../arm-none-eabi/lib/thumb/v6-m\libg_nano.a(lib_a-memset.o)
 .ARM.attributes
                0x00000a82       0x1c d:/zhangqiang/software/graduationproject/easily-tools/gcc/bin/../lib/gcc/arm-none-eabi/7.2.1/../../../../arm-none-eabi/lib/thumb/v6-m\libg_nano.a(lib_a-strlen.o)
 .ARM.attributes
                0x00000a9e       0x2c d:/zhangqiang/software/graduationproject/easily-tools/gcc/bin/../lib/gcc/arm-none-eabi/7.2.1/../../../../arm-none-eabi/lib/thumb/v6-m\libnosys.a(_exit.o)
 .ARM.attributes
                0x00000aca       0x1e d:/zhangqiang/software/graduationproject/easily-tools/gcc/bin/../lib/gcc/arm-none-eabi/7.2.1/thumb/v6-m/crtn.o
                0x00000001                ASSERT ((__StackLimit >= __HeapLimit), region m_data overflowed with stack and heap)
OUTPUT(User_NB-IoT_Frame(KL36)(A.50)-190816.elf elf32-littlearm)

.debug_info     0x00000000     0xf080
 .debug_info    0x00000000      0xde3 ./obj/adc.o
 .debug_info    0x00000de3     0x1255 ./obj/timer.o
 .debug_info    0x00002038      0x402 ./obj/system_MKL36Z4.o
 .debug_info    0x0000243a      0xe59 ./obj/tsi.o
 .debug_info    0x00003293      0xc8b ./obj/timeStamp.o
 .debug_info    0x00003f1e      0x25e ./obj/valueType.o
 .debug_info    0x0000417c     0x34d2 ./obj/main.o
 .debug_info    0x0000764e      0xe6f ./obj/spi.o
 .debug_info    0x000084bd      0xb49 ./obj/Int_Handler_init.o
 .debug_info    0x00009006     0x18ae ./obj/common.o
 .debug_info    0x0000a8b4     0x19c6 ./obj/lcd.o
 .debug_info    0x0000c27a     0x1740 ./obj/isr.o
 .debug_info    0x0000d9ba     0x16a0 ./obj/printf.o
 .debug_info    0x0000f05a       0x26 ./obj/startup_MKL36Z4.o

.debug_abbrev   0x00000000     0x225e
 .debug_abbrev  0x00000000      0x26a ./obj/adc.o
 .debug_abbrev  0x0000026a      0x37e ./obj/timer.o
 .debug_abbrev  0x000005e8       0xed ./obj/system_MKL36Z4.o
 .debug_abbrev  0x000006d5      0x29d ./obj/tsi.o
 .debug_abbrev  0x00000972      0x277 ./obj/timeStamp.o
 .debug_abbrev  0x00000be9      0x107 ./obj/valueType.o
 .debug_abbrev  0x00000cf0      0x3a0 ./obj/main.o
 .debug_abbrev  0x00001090      0x2a4 ./obj/spi.o
 .debug_abbrev  0x00001334      0x292 ./obj/Int_Handler_init.o
 .debug_abbrev  0x000015c6      0x307 ./obj/common.o
 .debug_abbrev  0x000018cd      0x329 ./obj/lcd.o
 .debug_abbrev  0x00001bf6      0x278 ./obj/isr.o
 .debug_abbrev  0x00001e6e      0x3dc ./obj/printf.o
 .debug_abbrev  0x0000224a       0x14 ./obj/startup_MKL36Z4.o

.debug_loc      0x00000000     0x43bf
 .debug_loc     0x00000000      0x25c ./obj/adc.o
 .debug_loc     0x0000025c      0x42c ./obj/timer.o
 .debug_loc     0x00000688      0x128 ./obj/tsi.o
 .debug_loc     0x000007b0      0x60c ./obj/timeStamp.o
 .debug_loc     0x00000dbc      0x45b ./obj/valueType.o
 .debug_loc     0x00001217      0x861 ./obj/main.o
 .debug_loc     0x00001a78      0x521 ./obj/spi.o
 .debug_loc     0x00001f99       0x2c ./obj/Int_Handler_init.o
 .debug_loc     0x00001fc5      0x207 ./obj/common.o
 .debug_loc     0x000021cc      0xc9a ./obj/lcd.o
 .debug_loc     0x00002e66       0x26 ./obj/isr.o
 .debug_loc     0x00002e8c     0x1533 ./obj/printf.o

.debug_aranges  0x00000000      0x448
 .debug_aranges
                0x00000000       0x40 ./obj/adc.o
 .debug_aranges
                0x00000040       0x88 ./obj/timer.o
 .debug_aranges
                0x000000c8       0x20 ./obj/system_MKL36Z4.o
 .debug_aranges
                0x000000e8       0x60 ./obj/tsi.o
 .debug_aranges
                0x00000148       0x38 ./obj/timeStamp.o
 .debug_aranges
                0x00000180       0x30 ./obj/valueType.o
 .debug_aranges
                0x000001b0       0x38 ./obj/main.o
 .debug_aranges
                0x000001e8       0x50 ./obj/spi.o
 .debug_aranges
                0x00000238       0x28 ./obj/Int_Handler_init.o
 .debug_aranges
                0x00000260       0x60 ./obj/common.o
 .debug_aranges
                0x000002c0       0xa0 ./obj/lcd.o
 .debug_aranges
                0x00000360       0x78 ./obj/isr.o
 .debug_aranges
                0x000003d8       0x50 ./obj/printf.o
 .debug_aranges
                0x00000428       0x20 ./obj/startup_MKL36Z4.o

.debug_ranges   0x00000000      0x3f8
 .debug_ranges  0x00000000       0x30 ./obj/adc.o
 .debug_ranges  0x00000030       0x78 ./obj/timer.o
 .debug_ranges  0x000000a8       0x10 ./obj/system_MKL36Z4.o
 .debug_ranges  0x000000b8       0x50 ./obj/tsi.o
 .debug_ranges  0x00000108       0x28 ./obj/timeStamp.o
 .debug_ranges  0x00000130       0x20 ./obj/valueType.o
 .debug_ranges  0x00000150       0x28 ./obj/main.o
 .debug_ranges  0x00000178       0x40 ./obj/spi.o
 .debug_ranges  0x000001b8       0x30 ./obj/Int_Handler_init.o
 .debug_ranges  0x000001e8       0x68 ./obj/common.o
 .debug_ranges  0x00000250       0xa8 ./obj/lcd.o
 .debug_ranges  0x000002f8       0x68 ./obj/isr.o
 .debug_ranges  0x00000360       0x98 ./obj/printf.o

.debug_macro    0x00000000    0x10a0c
 .debug_macro   0x00000000      0x18f ./obj/adc.o
 .debug_macro   0x0000018f      0xa2a ./obj/adc.o
 .debug_macro   0x00000bb9       0x10 ./obj/adc.o
 .debug_macro   0x00000bc9       0x16 ./obj/adc.o
 .debug_macro   0x00000bdf       0x22 ./obj/adc.o
 .debug_macro   0x00000c01       0x4f ./obj/adc.o
 .debug_macro   0x00000c50       0x51 ./obj/adc.o
 .debug_macro   0x00000ca1       0xef ./obj/adc.o
 .debug_macro   0x00000d90       0x6a ./obj/adc.o
 .debug_macro   0x00000dfa      0x1df ./obj/adc.o
 .debug_macro   0x00000fd9       0x39 ./obj/adc.o
 .debug_macro   0x00001012       0x3a ./obj/adc.o
 .debug_macro   0x0000104c       0x26 ./obj/adc.o
 .debug_macro   0x00001072      0x306 ./obj/adc.o
 .debug_macro   0x00001378     0xc3a9 ./obj/adc.o
 .debug_macro   0x0000d721       0x94 ./obj/adc.o
 .debug_macro   0x0000d7b5       0x88 ./obj/adc.o
 .debug_macro   0x0000d83d       0x58 ./obj/adc.o
 .debug_macro   0x0000d895       0x58 ./obj/adc.o
 .debug_macro   0x0000d8ed       0x17 ./obj/adc.o
 .debug_macro   0x0000d904       0x35 ./obj/adc.o
 .debug_macro   0x0000d939       0x9c ./obj/adc.o
 .debug_macro   0x0000d9d5      0x16d ./obj/adc.o
 .debug_macro   0x0000db42       0x58 ./obj/adc.o
 .debug_macro   0x0000db9a       0x1f ./obj/adc.o
 .debug_macro   0x0000dbb9       0x43 ./obj/adc.o
 .debug_macro   0x0000dbfc       0x20 ./obj/adc.o
 .debug_macro   0x0000dc1c      0x18e ./obj/adc.o
 .debug_macro   0x0000ddaa      0x353 ./obj/adc.o
 .debug_macro   0x0000e0fd       0x10 ./obj/adc.o
 .debug_macro   0x0000e10d       0x35 ./obj/adc.o
 .debug_macro   0x0000e142       0x1c ./obj/adc.o
 .debug_macro   0x0000e15e      0x18f ./obj/timer.o
 .debug_macro   0x0000e2ed       0x28 ./obj/timer.o
 .debug_macro   0x0000e315       0xa0 ./obj/system_MKL36Z4.o
 .debug_macro   0x0000e3b5       0x4b ./obj/system_MKL36Z4.o
 .debug_macro   0x0000e400      0x18a ./obj/tsi.o
 .debug_macro   0x0000e58a      0x1d5 ./obj/timeStamp.o
 .debug_macro   0x0000e75f       0x10 ./obj/timeStamp.o
 .debug_macro   0x0000e76f       0x10 ./obj/timeStamp.o
 .debug_macro   0x0000e77f       0x10 ./obj/timeStamp.o
 .debug_macro   0x0000e78f       0x10 ./obj/timeStamp.o
 .debug_macro   0x0000e79f       0xb6 ./obj/timeStamp.o
 .debug_macro   0x0000e855       0x2e ./obj/timeStamp.o
 .debug_macro   0x0000e883       0xdd ./obj/valueType.o
 .debug_macro   0x0000e960      0x316 ./obj/main.o
 .debug_macro   0x0000ec76       0x87 ./obj/main.o
 .debug_macro   0x0000ecfd       0x2e ./obj/main.o
 .debug_macro   0x0000ed2b       0x4d ./obj/main.o
 .debug_macro   0x0000ed78       0x4e ./obj/main.o
 .debug_macro   0x0000edc6       0x1c ./obj/main.o
 .debug_macro   0x0000ede2       0x10 ./obj/main.o
 .debug_macro   0x0000edf2       0x16 ./obj/main.o
 .debug_macro   0x0000ee08      0x129 ./obj/main.o
 .debug_macro   0x0000ef31       0x16 ./obj/main.o
 .debug_macro   0x0000ef47       0x22 ./obj/main.o
 .debug_macro   0x0000ef69       0x98 ./obj/main.o
 .debug_macro   0x0000f001      0x4ad ./obj/main.o
 .debug_macro   0x0000f4ae       0xa0 ./obj/main.o
 .debug_macro   0x0000f54e       0xce ./obj/main.o
 .debug_macro   0x0000f61c       0xde ./obj/main.o
 .debug_macro   0x0000f6fa       0x5e ./obj/main.o
 .debug_macro   0x0000f758       0x16 ./obj/main.o
 .debug_macro   0x0000f76e       0x10 ./obj/main.o
 .debug_macro   0x0000f77e      0x272 ./obj/spi.o
 .debug_macro   0x0000f9f0       0x22 ./obj/spi.o
 .debug_macro   0x0000fa12      0x278 ./obj/Int_Handler_init.o
 .debug_macro   0x0000fc8a      0x30a ./obj/common.o
 .debug_macro   0x0000ff94      0x287 ./obj/lcd.o
 .debug_macro   0x0001021b       0xc8 ./obj/lcd.o
 .debug_macro   0x000102e3      0x310 ./obj/isr.o
 .debug_macro   0x000105f3      0x281 ./obj/printf.o
 .debug_macro   0x00010874       0x52 ./obj/printf.o
 .debug_macro   0x000108c6       0x55 ./obj/printf.o
 .debug_macro   0x0001091b       0x57 ./obj/printf.o
 .debug_macro   0x00010972       0x9a ./obj/printf.o

.debug_line     0x00000000     0x5a08
 .debug_line    0x00000000      0x5c7 ./obj/adc.o
 .debug_line    0x000005c7      0x683 ./obj/timer.o
 .debug_line    0x00000c4a      0x33f ./obj/system_MKL36Z4.o
 .debug_line    0x00000f89      0x5ef ./obj/tsi.o
 .debug_line    0x00001578      0x5fc ./obj/timeStamp.o
 .debug_line    0x00001b74      0x4f1 ./obj/valueType.o
 .debug_line    0x00002065      0x9dd ./obj/main.o
 .debug_line    0x00002a42      0x705 ./obj/spi.o
 .debug_line    0x00003147      0x627 ./obj/Int_Handler_init.o
 .debug_line    0x0000376e      0x829 ./obj/common.o
 .debug_line    0x00003f97      0x865 ./obj/lcd.o
 .debug_line    0x000047fc      0x8a8 ./obj/isr.o
 .debug_line    0x000050a4      0x8f9 ./obj/printf.o
 .debug_line    0x0000599d       0x6b ./obj/startup_MKL36Z4.o

.debug_str      0x00000000    0x51e49
 .debug_str     0x00000000    0x4e1c1 ./obj/adc.o
                              0x4e6cf (size before relaxing)
 .debug_str     0x0004e1c1      0x45a ./obj/timer.o
                              0x4ea2f (size before relaxing)
 .debug_str     0x0004e61b       0x5c ./obj/system_MKL36Z4.o
                              0x4ab6b (size before relaxing)
 .debug_str     0x0004e677       0xcd ./obj/tsi.o
                              0x4e871 (size before relaxing)
 .debug_str     0x0004e744      0x42e ./obj/timeStamp.o
                              0x4e8f1 (size before relaxing)
 .debug_str     0x0004eb72       0x62 ./obj/valueType.o
                              0x4b4cb (size before relaxing)
 .debug_str     0x0004ebd4     0x2d2b ./obj/main.o
                              0x51726 (size before relaxing)
 .debug_str     0x000518ff       0xc7 ./obj/spi.o
                              0x50932 (size before relaxing)
 .debug_str     0x000519c6       0x59 ./obj/Int_Handler_init.o
                              0x5095e (size before relaxing)
 .debug_str     0x00051a1f       0xe2 ./obj/common.o
                              0x517d3 (size before relaxing)
 .debug_str     0x00051b01      0x126 ./obj/lcd.o
                              0x50ae8 (size before relaxing)
 .debug_str     0x00051c27       0xb0 ./obj/isr.o
                              0x515a0 (size before relaxing)
 .debug_str     0x00051cd7      0x14c ./obj/printf.o
                              0x50b89 (size before relaxing)
 .debug_str     0x00051e23       0x26 ./obj/startup_MKL36Z4.o
                                 0x7c (size before relaxing)

.comment        0x00000000       0x7e
 .comment       0x00000000       0x7e ./obj/adc.o
                                 0x7f (size before relaxing)
 .comment       0x0000007e       0x7f ./obj/timer.o
 .comment       0x0000007e       0x7f ./obj/system_MKL36Z4.o
 .comment       0x0000007e       0x7f ./obj/tsi.o
 .comment       0x0000007e       0x7f ./obj/timeStamp.o
 .comment       0x0000007e       0x7f ./obj/valueType.o
 .comment       0x0000007e       0x7f ./obj/main.o
 .comment       0x0000007e       0x7f ./obj/spi.o
 .comment       0x0000007e       0x7f ./obj/Int_Handler_init.o
 .comment       0x0000007e       0x7f ./obj/common.o
 .comment       0x0000007e       0x7f ./obj/lcd.o
 .comment       0x0000007e       0x7f ./obj/isr.o
 .comment       0x0000007e       0x7f ./obj/printf.o

.debug_frame    0x00000000     0x110c
 .debug_frame   0x00000000       0x80 ./obj/adc.o
 .debug_frame   0x00000080      0x130 ./obj/timer.o
 .debug_frame   0x000001b0       0x20 ./obj/system_MKL36Z4.o
 .debug_frame   0x000001d0       0xc4 ./obj/tsi.o
 .debug_frame   0x00000294       0x94 ./obj/timeStamp.o
 .debug_frame   0x00000328       0x74 ./obj/valueType.o
 .debug_frame   0x0000039c       0xa8 ./obj/main.o
 .debug_frame   0x00000444       0xb4 ./obj/spi.o
 .debug_frame   0x000004f8       0x44 ./obj/Int_Handler_init.o
 .debug_frame   0x0000053c       0xb0 ./obj/common.o
 .debug_frame   0x000005ec      0x230 ./obj/lcd.o
 .debug_frame   0x0000081c       0xec ./obj/isr.o
 .debug_frame   0x00000908       0xfc ./obj/printf.o
 .debug_frame   0x00000a04       0x38 d:/zhangqiang/software/graduationproject/easily-tools/gcc/bin/../lib/gcc/arm-none-eabi/7.2.1/../../../../arm-none-eabi/lib/thumb/v6-m\libm.a(lib_a-w_log.o)
 .debug_frame   0x00000a3c       0x3c d:/zhangqiang/software/graduationproject/easily-tools/gcc/bin/../lib/gcc/arm-none-eabi/7.2.1/../../../../arm-none-eabi/lib/thumb/v6-m\libm.a(lib_a-e_log.o)
 .debug_frame   0x00000a78       0x20 d:/zhangqiang/software/graduationproject/easily-tools/gcc/bin/../lib/gcc/arm-none-eabi/7.2.1/../../../../arm-none-eabi/lib/thumb/v6-m\libm.a(lib_a-s_matherr.o)
 .debug_frame   0x00000a98       0x20 d:/zhangqiang/software/graduationproject/easily-tools/gcc/bin/../lib/gcc/arm-none-eabi/7.2.1/../../../../arm-none-eabi/lib/thumb/v6-m\libm.a(lib_a-s_nan.o)
 .debug_frame   0x00000ab8       0x20 d:/zhangqiang/software/graduationproject/easily-tools/gcc/bin/../lib/gcc/arm-none-eabi/7.2.1/thumb/v6-m\libgcc.a(_udivsi3.o)
 .debug_frame   0x00000ad8       0x20 d:/zhangqiang/software/graduationproject/easily-tools/gcc/bin/../lib/gcc/arm-none-eabi/7.2.1/thumb/v6-m\libgcc.a(_divsi3.o)
 .debug_frame   0x00000af8       0x34 d:/zhangqiang/software/graduationproject/easily-tools/gcc/bin/../lib/gcc/arm-none-eabi/7.2.1/thumb/v6-m\libgcc.a(_muldi3.o)
 .debug_frame   0x00000b2c       0x28 d:/zhangqiang/software/graduationproject/easily-tools/gcc/bin/../lib/gcc/arm-none-eabi/7.2.1/thumb/v6-m\libgcc.a(_fixunssfsi.o)
 .debug_frame   0x00000b54       0x2c d:/zhangqiang/software/graduationproject/easily-tools/gcc/bin/../lib/gcc/arm-none-eabi/7.2.1/thumb/v6-m\libgcc.a(_fixunsdfsi.o)
 .debug_frame   0x00000b80       0x2c d:/zhangqiang/software/graduationproject/easily-tools/gcc/bin/../lib/gcc/arm-none-eabi/7.2.1/thumb/v6-m\libgcc.a(_fixunsdfdi.o)
 .debug_frame   0x00000bac       0x3c d:/zhangqiang/software/graduationproject/easily-tools/gcc/bin/../lib/gcc/arm-none-eabi/7.2.1/thumb/v6-m\libgcc.a(_udivmoddi4.o)
 .debug_frame   0x00000be8       0x3c d:/zhangqiang/software/graduationproject/easily-tools/gcc/bin/../lib/gcc/arm-none-eabi/7.2.1/thumb/v6-m\libgcc.a(divsf3.o)
 .debug_frame   0x00000c24       0x2c d:/zhangqiang/software/graduationproject/easily-tools/gcc/bin/../lib/gcc/arm-none-eabi/7.2.1/thumb/v6-m\libgcc.a(eqsf2.o)
 .debug_frame   0x00000c50       0x2c d:/zhangqiang/software/graduationproject/easily-tools/gcc/bin/../lib/gcc/arm-none-eabi/7.2.1/thumb/v6-m\libgcc.a(gesf2.o)
 .debug_frame   0x00000c7c       0x2c d:/zhangqiang/software/graduationproject/easily-tools/gcc/bin/../lib/gcc/arm-none-eabi/7.2.1/thumb/v6-m\libgcc.a(lesf2.o)
 .debug_frame   0x00000ca8       0x3c d:/zhangqiang/software/graduationproject/easily-tools/gcc/bin/../lib/gcc/arm-none-eabi/7.2.1/thumb/v6-m\libgcc.a(mulsf3.o)
 .debug_frame   0x00000ce4       0x38 d:/zhangqiang/software/graduationproject/easily-tools/gcc/bin/../lib/gcc/arm-none-eabi/7.2.1/thumb/v6-m\libgcc.a(subsf3.o)
 .debug_frame   0x00000d1c       0x20 d:/zhangqiang/software/graduationproject/easily-tools/gcc/bin/../lib/gcc/arm-none-eabi/7.2.1/thumb/v6-m\libgcc.a(fixsfsi.o)
 .debug_frame   0x00000d3c       0x2c d:/zhangqiang/software/graduationproject/easily-tools/gcc/bin/../lib/gcc/arm-none-eabi/7.2.1/thumb/v6-m\libgcc.a(floatsisf.o)
 .debug_frame   0x00000d68       0x2c d:/zhangqiang/software/graduationproject/easily-tools/gcc/bin/../lib/gcc/arm-none-eabi/7.2.1/thumb/v6-m\libgcc.a(floatunsisf.o)
 .debug_frame   0x00000d94       0x38 d:/zhangqiang/software/graduationproject/easily-tools/gcc/bin/../lib/gcc/arm-none-eabi/7.2.1/thumb/v6-m\libgcc.a(adddf3.o)
 .debug_frame   0x00000dcc       0x3c d:/zhangqiang/software/graduationproject/easily-tools/gcc/bin/../lib/gcc/arm-none-eabi/7.2.1/thumb/v6-m\libgcc.a(divdf3.o)
 .debug_frame   0x00000e08       0x38 d:/zhangqiang/software/graduationproject/easily-tools/gcc/bin/../lib/gcc/arm-none-eabi/7.2.1/thumb/v6-m\libgcc.a(eqdf2.o)
 .debug_frame   0x00000e40       0x38 d:/zhangqiang/software/graduationproject/easily-tools/gcc/bin/../lib/gcc/arm-none-eabi/7.2.1/thumb/v6-m\libgcc.a(gedf2.o)
 .debug_frame   0x00000e78       0x38 d:/zhangqiang/software/graduationproject/easily-tools/gcc/bin/../lib/gcc/arm-none-eabi/7.2.1/thumb/v6-m\libgcc.a(ledf2.o)
 .debug_frame   0x00000eb0       0x3c d:/zhangqiang/software/graduationproject/easily-tools/gcc/bin/../lib/gcc/arm-none-eabi/7.2.1/thumb/v6-m\libgcc.a(muldf3.o)
 .debug_frame   0x00000eec       0x3c d:/zhangqiang/software/graduationproject/easily-tools/gcc/bin/../lib/gcc/arm-none-eabi/7.2.1/thumb/v6-m\libgcc.a(subdf3.o)
 .debug_frame   0x00000f28       0x2c d:/zhangqiang/software/graduationproject/easily-tools/gcc/bin/../lib/gcc/arm-none-eabi/7.2.1/thumb/v6-m\libgcc.a(unorddf2.o)
 .debug_frame   0x00000f54       0x2c d:/zhangqiang/software/graduationproject/easily-tools/gcc/bin/../lib/gcc/arm-none-eabi/7.2.1/thumb/v6-m\libgcc.a(fixdfsi.o)
 .debug_frame   0x00000f80       0x2c d:/zhangqiang/software/graduationproject/easily-tools/gcc/bin/../lib/gcc/arm-none-eabi/7.2.1/thumb/v6-m\libgcc.a(floatsidf.o)
 .debug_frame   0x00000fac       0x28 d:/zhangqiang/software/graduationproject/easily-tools/gcc/bin/../lib/gcc/arm-none-eabi/7.2.1/thumb/v6-m\libgcc.a(floatunsidf.o)
 .debug_frame   0x00000fd4       0x2c d:/zhangqiang/software/graduationproject/easily-tools/gcc/bin/../lib/gcc/arm-none-eabi/7.2.1/thumb/v6-m\libgcc.a(extendsfdf2.o)
 .debug_frame   0x00001000       0x30 d:/zhangqiang/software/graduationproject/easily-tools/gcc/bin/../lib/gcc/arm-none-eabi/7.2.1/thumb/v6-m\libgcc.a(truncdfsf2.o)
 .debug_frame   0x00001030       0x20 d:/zhangqiang/software/graduationproject/easily-tools/gcc/bin/../lib/gcc/arm-none-eabi/7.2.1/../../../../arm-none-eabi/lib/thumb/v6-m\libg_nano.a(lib_a-errno.o)
 .debug_frame   0x00001050       0x28 d:/zhangqiang/software/graduationproject/easily-tools/gcc/bin/../lib/gcc/arm-none-eabi/7.2.1/../../../../arm-none-eabi/lib/thumb/v6-m\libg_nano.a(lib_a-exit.o)
 .debug_frame   0x00001078       0x2c d:/zhangqiang/software/graduationproject/easily-tools/gcc/bin/../lib/gcc/arm-none-eabi/7.2.1/../../../../arm-none-eabi/lib/thumb/v6-m\libg_nano.a(lib_a-init.o)
 .debug_frame   0x000010a4       0x28 d:/zhangqiang/software/graduationproject/easily-tools/gcc/bin/../lib/gcc/arm-none-eabi/7.2.1/../../../../arm-none-eabi/lib/thumb/v6-m\libg_nano.a(lib_a-memcpy-stub.o)
 .debug_frame   0x000010cc       0x20 d:/zhangqiang/software/graduationproject/easily-tools/gcc/bin/../lib/gcc/arm-none-eabi/7.2.1/../../../../arm-none-eabi/lib/thumb/v6-m\libg_nano.a(lib_a-memset.o)
 .debug_frame   0x000010ec       0x20 d:/zhangqiang/software/graduationproject/easily-tools/gcc/bin/../lib/gcc/arm-none-eabi/7.2.1/../../../../arm-none-eabi/lib/thumb/v6-m\libnosys.a(_exit.o)
